// Jest Snapshot v1, https://goo.gl/fbAQLP

exports[`<App /> should render and match the snapshot 1`] = `
<Provider
  store={
    Object {
      "dispatch": [Function],
      "getState": [Function],
      "replaceReducer": [Function],
      "subscribe": [Function],
      Symbol(observable): [Function],
    }
  }
>
  <BrowserRouter>
    <Switch>
      <Route
        component={[Function]}
        exact={true}
        path="/"
      />
      <Route
        component={
          Object {
            "$$typeof": Symbol(react.memo),
            "WrappedComponent": [Function],
            "compare": null,
            "displayName": "Connect(LoginPage)",
            "type": [Function],
          }
        }
        exact={true}
        path="/login"
      />
      <Route
        component={
          Object {
            "$$typeof": Symbol(react.memo),
            "WrappedComponent": [Function],
            "compare": null,
            "displayName": "Connect(DashboardPage)",
            "type": [Function],
          }
        }
        exact={true}
        path="/dashboard"
      />
      <Route
        component={
          Object {
            "$$typeof": Symbol(react.memo),
            "WrappedComponent": [Function],
            "compare": null,
            "displayName": "Connect(CategoryPage)",
            "type": [Function],
          }
        }
        exact={true}
        path="/dashboard/category/:id"
      />
      <Route
        component={
          Object {
            "$$typeof": Symbol(react.memo),
            "WrappedComponent": [Function],
            "compare": null,
            "displayName": "Connect(SubCategoryPage)",
            "type": [Function],
          }
        }
        exact={true}
        path="/dashboard/subcategory/:id"
      />
      <Route
        component={
          Object {
            "$$typeof": Symbol(react.memo),
            "WrappedComponent": [Function],
            "compare": null,
            "displayName": "Connect(AdvicePage)",
            "type": [Function],
          }
        }
        exact={true}
        path="/dashboard/advice/:id"
      />
      <Route
        component={
          Object {
            "$$typeof": Symbol(react.memo),
            "WrappedComponent": [Function],
            "compare": null,
            "displayName": "Connect(ProfilePage)",
            "type": [Function],
          }
        }
        exact={true}
        path="/user/:username"
      />
      <Route
        component={
          Object {
            "$$typeof": Symbol(react.memo),
            "WrappedComponent": [Function],
            "compare": null,
            "displayName": "Connect(BrowsePage)",
            "type": [Function],
          }
        }
        exact={true}
        path="/browse"
      />
      <Route
        component={
          Object {
            "$$typeof": Symbol(react.memo),
            "WrappedComponent": [Function],
            "compare": null,
            "displayName": "Connect(PostPage)",
            "type": [Function],
          }
        }
        exact={true}
        path="/browse/:category/:content"
      />
      <Route
        component={
          Object {
            "$$typeof": Symbol(react.memo),
            "WrappedComponent": [Function],
            "compare": null,
            "displayName": "Connect(SubmitPage)",
            "type": [Function],
          }
        }
        exact={true}
        path="/submit"
      />
    </Switch>
  </BrowserRouter>
</Provider>
`;
